2026-04-01 22:39:55,784 - qm - INFO     - Starting session: ce5d29e7-efc9-4fa0-85e5-cd8e5c49435d
2026-04-01 22:40:00,786 - qm - INFO     - Performing health check
2026-04-01 22:40:00,791 - qm - INFO     - Health check passed
python : C:\Python312\Lib\site-packages\qm\program\_qua_config_schema.py:1877: 
DeprecationWarning: 'version' is deprecated since "1.2.2" and will be removed 
in "2.0.0". Please remove it from the Qua config.
At line:1 char:1
+ python tools/test_all_simulations.py > test_output.txt 2>&1; type tes ...
+ ~~~~~~~~~~~~~~~~~~~~~~~~~~~~~~~~~~~~~~~~~~~~~~~~~~~~~~~~~~~
    + CategoryInfo          : NotSpecified: (C:\Python312\Li...the Qua config. 
   :String) [], RemoteException
    + FullyQualifiedErrorId : NativeCommandError
 
  warnings.warn(

------------------------------------------------------------
Testing: ResonatorSpectroscopy
2026-04-01 22:40:00,868 - qm - INFO     - Simulating program
C:\Python312\Lib\site-packages\qm\program\_qua_config_schema.py:1877: 
DeprecationWarning: 'version' is deprecated since "1.2.2" and will be removed 
in "2.0.0". Please remove it from the Qua config.
  warnings.warn(
  PASS (0.8s)

------------------------------------------------------------
Testing: ResonatorPowerSpectroscopy
2026-04-01 22:40:01,581 - qm - INFO     - Simulating program
C:\Python312\Lib\site-packages\qm\program\_qua_config_schema.py:1877: 
DeprecationWarning: 'version' is deprecated since "1.2.2" and will be removed 
in "2.0.0". Please remove it from the Qua config.
  warnings.warn(
  PASS (2.5s)

------------------------------------------------------------
Testing: ResonatorSpectroscopyX180
2026-04-01 22:40:04,082 - qm - INFO     - Simulating program
C:\Python312\Lib\site-packages\qm\program\_qua_config_schema.py:1877: 
DeprecationWarning: 'version' is deprecated since "1.2.2" and will be removed 
in "2.0.0". Please remove it from the Qua config.
  warnings.warn(
  PASS (1.0s)

------------------------------------------------------------
Testing: ReadoutTrace
2026-04-01 22:40:05,034 - qm - INFO     - Simulating program
C:\Python312\Lib\site-packages\qm\program\_qua_config_schema.py:1877: 
DeprecationWarning: 'version' is deprecated since "1.2.2" and will be removed 
in "2.0.0". Please remove it from the Qua config.
  warnings.warn(
  PASS (3.6s)

------------------------------------------------------------
Testing: ReadoutFrequencyOptimization
  SKIP (multi-program loop, cannot simulate single program)

------------------------------------------------------------
Testing: QubitSpectroscopy
2026-04-01 22:40:08,601 - qm - INFO     - Simulating program
C:\Python312\Lib\site-packages\qm\program\_qua_config_schema.py:1877: 
DeprecationWarning: 'version' is deprecated since "1.2.2" and will be removed 
in "2.0.0". Please remove it from the Qua config.
  warnings.warn(
  PASS (1.0s)

------------------------------------------------------------
Testing: QubitSpectroscopyEF
2026-04-01 22:40:09,567 - qm - INFO     - Simulating program
C:\Python312\Lib\site-packages\qm\program\_qua_config_schema.py:1877: 
DeprecationWarning: 'version' is deprecated since "1.2.2" and will be removed 
in "2.0.0". Please remove it from the Qua config.
  warnings.warn(
  PASS (3.6s)

------------------------------------------------------------
Testing: PowerRabi
2026-04-01 22:40:13,211 - qm - INFO     - Simulating program
C:\Python312\Lib\site-packages\qm\program\_qua_config_schema.py:1877: 
DeprecationWarning: 'version' is deprecated since "1.2.2" and will be removed 
in "2.0.0". Please remove it from the Qua config.
  warnings.warn(
  PASS (2.8s)

------------------------------------------------------------
Testing: TemporalRabi
2026-04-01 22:40:15,921 - qm - INFO     - Simulating program
C:\Python312\Lib\site-packages\qm\program\_qua_config_schema.py:1877: 
DeprecationWarning: 'version' is deprecated since "1.2.2" and will be removed 
in "2.0.0". Please remove it from the Qua config.
  warnings.warn(
  PASS (2.8s)

------------------------------------------------------------
Testing: SequentialQubitRotations
2026-04-01 22:40:18,685 - qm - INFO     - Simulating program
C:\Python312\Lib\site-packages\qm\program\_qua_config_schema.py:1877: 
DeprecationWarning: 'version' is deprecated since "1.2.2" and will be removed 
in "2.0.0". Please remove it from the Qua config.
  warnings.warn(
  PASS (1.0s)

------------------------------------------------------------
Testing: T1Relaxation
2026-04-01 22:40:19,645 - qm - INFO     - Simulating program
C:\Python312\Lib\site-packages\qm\program\_qua_config_schema.py:1877: 
DeprecationWarning: 'version' is deprecated since "1.2.2" and will be removed 
in "2.0.0". Please remove it from the Qua config.
  warnings.warn(
  PASS (3.6s)

------------------------------------------------------------
Testing: T2Ramsey
2026-04-01 22:40:23,243 - qm - INFO     - Simulating program
C:\Python312\Lib\site-packages\qm\program\_qua_config_schema.py:1877: 
DeprecationWarning: 'version' is deprecated since "1.2.2" and will be removed 
in "2.0.0". Please remove it from the Qua config.
  warnings.warn(
  PASS (0.9s)

------------------------------------------------------------
Testing: T2Echo
2026-04-01 22:40:24,188 - qm - INFO     - Simulating program
E:\qubox\qubox\experiments\time_domain\coherence.py:485: RuntimeWarning: dt 50 
rounded to 48 (grid=4)
  delay_clks = create_clks_array(t_R_begin, t_R_end, dt, time_per_clk=4)
C:\Python312\Lib\site-packages\qm\program\_qua_config_schema.py:1877: 
DeprecationWarning: 'version' is deprecated since "1.2.2" and will be removed 
in "2.0.0". Please remove it from the Qua config.
  warnings.warn(
  PASS (3.6s)

------------------------------------------------------------
Testing: ResidualPhotonRamsey
2026-04-01 22:40:27,804 - qm - INFO     - Simulating program
C:\Python312\Lib\site-packages\qm\program\_qua_config_schema.py:1877: 
DeprecationWarning: 'version' is deprecated since "1.2.2" and will be removed 
in "2.0.0". Please remove it from the Qua config.
  warnings.warn(
  PASS (2.8s)

------------------------------------------------------------
Testing: TimeRabiChevron
2026-04-01 22:40:30,586 - qm - INFO     - Simulating program
C:\Python312\Lib\site-packages\qm\program\_qua_config_schema.py:1877: 
DeprecationWarning: 'version' is deprecated since "1.2.2" and will be removed 
in "2.0.0". Please remove it from the Qua config.
  warnings.warn(
  PASS (2.7s)

------------------------------------------------------------
Testing: PowerRabiChevron
2026-04-01 22:40:33,316 - qm - INFO     - Simulating program
E:\qubox\qubox\experiments\time_domain\chevron.py:247: RuntimeWarning: dt 50 
rounded to 48 (grid=4)
  delay_clks = create_clks_array(4, max_delay_duration, dt, time_per_clk=4)
C:\Python312\Lib\site-packages\qm\program\_qua_config_schema.py:1877: 
DeprecationWarning: 'version' is deprecated since "1.2.2" and will be removed 
in "2.0.0". Please remove it from the Qua config.
  warnings.warn(
  PASS (1.0s)

------------------------------------------------------------
Testing: RamseyChevron
2026-04-01 22:40:34,285 - qm - INFO     - Simulating program
C:\Python312\Lib\site-packages\qm\program\_qua_config_schema.py:1877: 
DeprecationWarning: 'version' is deprecated since "1.2.2" and will be removed 
in "2.0.0". Please remove it from the Qua config.
  warnings.warn(
  PASS (3.6s)

------------------------------------------------------------
Testing: IQBlob
2026-04-01 22:40:37,888 - qm - INFO     - Simulating program
C:\Python312\Lib\site-packages\qm\program\_qua_config_schema.py:1877: 
DeprecationWarning: 'version' is deprecated since "1.2.2" and will be removed 
in "2.0.0". Please remove it from the Qua config.
  warnings.warn(
  PASS (0.9s)

------------------------------------------------------------
Testing: ReadoutGEDiscrimination
2026-04-01 22:40:38,786 - qm - INFO     - Simulating program
Skipping stored post-select config: GE state signature unavailable or 
mismatched (state_reason=no_ge_state_signature)
C:\Python312\Lib\site-packages\qm\program\_qua_config_schema.py:1877: 
DeprecationWarning: 'version' is deprecated since "1.2.2" and will be removed 
in "2.0.0". Please remove it from the Qua config.
  warnings.warn(
  PASS (3.6s)

------------------------------------------------------------
Testing: ReadoutButterflyMeasurement
2026-04-01 22:40:42,424 - qm - INFO     - Simulating program
C:\Python312\Lib\site-packages\qm\program\_qua_config_schema.py:1877: 
DeprecationWarning: 'version' is deprecated since "1.2.2" and will be removed 
in "2.0.0". Please remove it from the Qua config.
  warnings.warn(
  PASS (2.9s)

------------------------------------------------------------
Testing: AllXY
2026-04-01 22:40:45,412 - qm - INFO     - Simulating program
C:\Python312\Lib\site-packages\qm\program\_qua_config_schema.py:1877: 
DeprecationWarning: 'version' is deprecated since "1.2.2" and will be removed 
in "2.0.0". Please remove it from the Qua config.
  warnings.warn(
  PASS (2.7s)

------------------------------------------------------------
Testing: DRAGCalibration
2026-04-01 22:40:47,985 - qm - INFO     - Simulating program
C:\Python312\Lib\site-packages\qm\program\_qua_config_schema.py:1877: 
DeprecationWarning: 'version' is deprecated since "1.2.2" and will be removed 
in "2.0.0". Please remove it from the Qua config.
  warnings.warn(
  PASS (2.8s)

------------------------------------------------------------
Testing: QubitResetBenchmark
2026-04-01 22:40:50,757 - qm - INFO     - Simulating program
C:\Python312\Lib\site-packages\qm\program\_qua_config_schema.py:1877: 
DeprecationWarning: 'version' is deprecated since "1.2.2" and will be removed 
in "2.0.0". Please remove it from the Qua config.
  warnings.warn(
  PASS (1.0s)

------------------------------------------------------------
Testing: ActiveQubitResetBenchmark
2026-04-01 22:40:51,776 - qm - INFO     - Simulating program
  PASS (3.6s)

============================================================
SIMULATION TEST RESULTS
============================================================
  + ResonatorSpectroscopy                    PASS                                     (0.8s)
  + ResonatorPowerSpectroscopy               PASS                                     (2.5s)
  + ResonatorSpectroscopyX180                PASS                                     (1.0s)
  + ReadoutTrace                             PASS                                     (3.6s)
  - ReadoutFrequencyOptimization             SKIP                                     (0.0s)
  + QubitSpectroscopy                        PASS                                     (1.0s)
  + QubitSpectroscopyEF                      PASS                                     (3.6s)
  + PowerRabi                                PASS                                     (2.8s)
  + TemporalRabi                             PASS                                     (2.8s)
  + SequentialQubitRotations                 PASS                                     (1.0s)
  + T1Relaxation                             PASS                                     (3.6s)
  + T2Ramsey                                 PASS                                     (0.9s)
  + T2Echo                                   PASS                                     (3.6s)
  + ResidualPhotonRamsey                     PASS                                     (2.8s)
  + TimeRabiChevron                          PASS                                     (2.7s)
  + PowerRabiChevron                         PASS                                     (1.0s)
  + RamseyChevron                            PASS                                     (3.6s)
  + IQBlob                                   PASS                                     (0.9s)
  + ReadoutGEDiscrimination                  PASS                                     (3.6s)
  + ReadoutButterflyMeasurement              PASS                                     (2.9s)
  + AllXY                                    PASS                                     (2.7s)
  + DRAGCalibration                          PASS                                     (2.8s)
  + QubitResetBenchmark                      PASS                                     (1.0s)
  + ActiveQubitResetBenchmark                PASS                                     (3.6s)

Total: 23 passed, 1 skipped, 0 failed, 24 total
